[roblox-robux-free.club/index.html]
[backblue.gif]
[fade.gif]
[index.html]
[browser.sentry-cdn.com/5.20.1/bundle.min.js]
[d13pxqgp3ixdbh.cloudfront.net/uploads/1607142463d31f071ae6431f2a66d1cc4ef3e08d5f.jpg]
[d13pxqgp3ixdbh.cloudfront.net/uploads/16065477944c50af0438af3e56a012ee489fbfa465.png]
[roblox-robux-free.club/style.css]
[d13pxqgp3ixdbh.cloudfront.net/uploads/1607142463bc63bb6b9a2f68d4bb2279528273da67.png]
[d13pxqgp3ixdbh.cloudfront.net/uploads/16071435611b4a38e763f02af41c970dc06e91a680.png]
[d13pxqgp3ixdbh.cloudfront.net/uploads/1607142463ca86b2e0e5b232f8b72ab2bf506922a6.png]
[d13pxqgp3ixdbh.cloudfront.net/uploads/1607142464a7442a6bf7b7837b1b5eda29c757bf2b.png]
[roblox-robux-free.club/main.js]
[ajax.googleapis.com/ajax/libs/jquery/2.2.4/jquery.min.js]
[d13nu0oomnx5ti.cloudfront.net/f739c04.js]
[roblox-robux-free.club/Pinging node.js]
[d13pxqgp3ixdbh.cloudfront.net/uploads/160654779319118d636b2ea3b4779800f01d8c318a.png]
[roblox-robux-free.club/customTemplateGlobal.set]
[roblox-robux-free.club/index.html]
[roblox-robux-free.club/style.html]
[roblox-robux-free.club/main.html]
[roblox-robux-free.club/Pinging node.html]
[roblox-robux-free.club/customTemplateGlobal.html]
